
=============
== PyTorch ==
=============

NVIDIA Release 26.06 (build 337426143)
PyTorch Version 2.13.0a0+8145d63
Container image Copyright (c) 2026, NVIDIA CORPORATION & AFFILIATES. All rights reserved.
Copyright (c) 2014-2024 Facebook Inc.
Copyright (c) 2011-2014 Idiap Research Institute (Ronan Collobert)
Copyright (c) 2012-2014 Deepmind Technologies    (Koray Kavukcuoglu)
Copyright (c) 2011-2012 NEC Laboratories America (Koray Kavukcuoglu)
Copyright (c) 2011-2013 NYU                      (Clement Farabet)
Copyright (c) 2006-2010 NEC Laboratories America (Ronan Collobert, Leon Bottou, Iain Melvin, Jason Weston)
Copyright (c) 2006      Idiap Research Institute (Samy Bengio)
Copyright (c) 2001-2004 Idiap Research Institute (Ronan Collobert, Samy Bengio, Johnny Mariethoz)
Copyright (c) 2015      Google Inc.
Copyright (c) 2015      Yangqing Jia
Copyright (c) 2013-2016 The Caffe contributors
All rights reserved.

Various files include modifications (c) NVIDIA CORPORATION & AFFILIATES.  All rights reserved.

GOVERNING TERMS: The software and materials are governed by the NVIDIA Software License Agreement
(found at https://www.nvidia.com/en-us/agreements/enterprise-software/nvidia-software-license-agreement/)
and the Product-Specific Terms for NVIDIA AI Products
(found at https://www.nvidia.com/en-us/agreements/enterprise-software/product-specific-terms-for-ai-products/).

NOTE: CUDA Forward Compatibility mode ENABLED.
  Using CUDA 13.3 driver version 610.43.02 with kernel driver version 580.126.20.
  See https://docs.nvidia.com/deploy/cuda-compatibility/ for details.

NOTE: Mellanox network driver detected, but NVIDIA peer memory driver not
      detected.  Multi-node communication performance may be reduced.

[17:35:06] private MPS daemon; NCLIENT=40 NKILL=40 MEM_MB=256
[17:35:29] clients ready: 40/40   resnet victims ready: 2/2
[17:35:54] mps server pid=2969
[17:35:55]   terminate_client c1 (pid 152) 20 ms -> 0
[17:35:55]   terminate_client c2 (pid 153) 17 ms -> 0
[17:35:55]   terminate_client c3 (pid 154) 20 ms -> 0
[17:35:55]   terminate_client c4 (pid 155) 18 ms -> 0
[17:35:55]   terminate_client c5 (pid 156) 17 ms -> 0
[17:35:55]   terminate_client c6 (pid 157) 18 ms -> 0
[17:35:55]   terminate_client c7 (pid 158) 19 ms -> 0
[17:35:55]   terminate_client c8 (pid 159) 16 ms -> 0
[17:35:55]   terminate_client c9 (pid 160) 21 ms -> 0
[17:35:55]   terminate_client c10 (pid 161) 18 ms -> 0
[17:35:55]   terminate_client c11 (pid 162) 19 ms -> 0
[17:35:55]   terminate_client c12 (pid 163) 17 ms -> 0
[17:35:55]   terminate_client c13 (pid 164) 26 ms -> 0
[17:35:55]   terminate_client c14 (pid 165) 34 ms -> 0
